Compiling the CXX compiler identification source file "CMakeCXXCompilerId.cpp" failed.
Compiler: /home/demo/Android/Sdk/ndk/27.0.12077973/toolchains/llvm/prebuilt/linux-x86_64/bin/clang++ 
Build flags: -g;-DANDROID;-fdata-sections;-ffunction-sections;-funwind-tables;-fstack-protector-strong;-no-canonical-prefixes;-D_FORTIFY_SOURCE=2;-Wformat;-Werror=format-security;;-std=c11
Id flags: -c;--target=aarch64-none-linux-android24 

The output was:
1
error: invalid argument '-std=c11' not allowed with 'C++'


Compiling the CXX compiler identification source file "CMakeCXXCompilerId.cpp" failed.
Compiler: /home/demo/Android/Sdk/ndk/27.0.12077973/toolchains/llvm/prebuilt/linux-x86_64/bin/clang++ 
Build flags: -g;-DANDROID;-fdata-sections;-ffunction-sections;-funwind-tables;-fstack-protector-strong;-no-canonical-prefixes;-D_FORTIFY_SOURCE=2;-Wformat;-Werror=format-security;;-std=c11
Id flags:  

The output was:
1
error: invalid argument '-std=c11' not allowed with 'C++'


Compiling the CXX compiler identification source file "CMakeCXXCompilerId.cpp" failed.
Compiler: /home/demo/Android/Sdk/ndk/27.0.12077973/toolchains/llvm/prebuilt/linux-x86_64/bin/clang++ 
Build flags: -g;-DANDROID;-fdata-sections;-ffunction-sections;-funwind-tables;-fstack-protector-strong;-no-canonical-prefixes;-D_FORTIFY_SOURCE=2;-Wformat;-Werror=format-security;;-std=c11
Id flags: -c 

The output was:
1
error: invalid argument '-std=c11' not allowed with 'C++'


Compiling the CXX compiler identification source file "CMakeCXXCompilerId.cpp" failed.
Compiler: /home/demo/Android/Sdk/ndk/27.0.12077973/toolchains/llvm/prebuilt/linux-x86_64/bin/clang++ 
Build flags: -g;-DANDROID;-fdata-sections;-ffunction-sections;-funwind-tables;-fstack-protector-strong;-no-canonical-prefixes;-D_FORTIFY_SOURCE=2;-Wformat;-Werror=format-security;;-std=c11
Id flags: --c++ 

The output was:
1
clang++: error: unknown argument: '--c++'


Compiling the CXX compiler identification source file "CMakeCXXCompilerId.cpp" failed.
Compiler: /home/demo/Android/Sdk/ndk/27.0.12077973/toolchains/llvm/prebuilt/linux-x86_64/bin/clang++ 
Build flags: -g;-DANDROID;-fdata-sections;-ffunction-sections;-funwind-tables;-fstack-protector-strong;-no-canonical-prefixes;-D_FORTIFY_SOURCE=2;-Wformat;-Werror=format-security;;-std=c11
Id flags: --ec++ 

The output was:
1
clang++: error: unknown argument: '--ec++'


Compiling the CXX compiler identification source file "CMakeCXXCompilerId.cpp" failed.
Compiler: /home/demo/Android/Sdk/ndk/27.0.12077973/toolchains/llvm/prebuilt/linux-x86_64/bin/clang++ 
Build flags: -g;-DANDROID;-fdata-sections;-ffunction-sections;-funwind-tables;-fstack-protector-strong;-no-canonical-prefixes;-D_FORTIFY_SOURCE=2;-Wformat;-Werror=format-security;;-std=c11
Id flags: --target=arm-arm-none-eabi;-mcpu=cortex-m3 

The output was:
1
error: invalid argument '-std=c11' not allowed with 'C++'


Compiling the CXX compiler identification source file "CMakeCXXCompilerId.cpp" failed.
Compiler: /home/demo/Android/Sdk/ndk/27.0.12077973/toolchains/llvm/prebuilt/linux-x86_64/bin/clang++ 
Build flags: -g;-DANDROID;-fdata-sections;-ffunction-sections;-funwind-tables;-fstack-protector-strong;-no-canonical-prefixes;-D_FORTIFY_SOURCE=2;-Wformat;-Werror=format-security;;-std=c11
Id flags: -c;-I__does_not_exist__ 

The output was:
1
error: invalid argument '-std=c11' not allowed with 'C++'


Detecting CXX compiler ABI info failed to compile with the following output:
Change Dir: /home/demo/code/Danielzapirtan/baeagn/app/.cxx/Debug/t43265i1/arm64-v8a/CMakeFiles/CMakeTmp

Run Build Command(s):/home/demo/Android/Sdk/cmake/3.22.1/bin/ninja cmTC_1c728 && [1/2] Building CXX object CMakeFiles/cmTC_1c728.dir/CMakeCXXCompilerABI.cpp.o
FAILED: CMakeFiles/cmTC_1c728.dir/CMakeCXXCompilerABI.cpp.o 
/home/demo/Android/Sdk/ndk/27.0.12077973/toolchains/llvm/prebuilt/linux-x86_64/bin/clang++ --target=aarch64-none-linux-android24 --sysroot=/home/demo/Android/Sdk/ndk/27.0.12077973/toolchains/llvm/prebuilt/linux-x86_64/sysroot   -g -DANDROID -fdata-sections -ffunction-sections -funwind-tables -fstack-protector-strong -no-canonical-prefixes -D_FORTIFY_SOURCE=2 -Wformat  -std=c11  -fPIE   -v -MD -MT CMakeFiles/cmTC_1c728.dir/CMakeCXXCompilerABI.cpp.o -MF CMakeFiles/cmTC_1c728.dir/CMakeCXXCompilerABI.cpp.o.d -o CMakeFiles/cmTC_1c728.dir/CMakeCXXCompilerABI.cpp.o -c /home/demo/Android/Sdk/cmake/3.22.1/share/cmake-3.22/Modules/CMakeCXXCompilerABI.cpp
Android (12027248, +pgo, +bolt, +lto, +mlgo, based on r522817) clang version 18.0.1 (https://android.googlesource.com/toolchain/llvm-project d8003a456d14a3deb8054cdaa529ffbf02d9b262)
Target: aarch64-none-linux-android24
Thread model: posix
InstalledDir: /home/demo/Android/Sdk/ndk/27.0.12077973/toolchains/llvm/prebuilt/linux-x86_64/bin
 (in-process)
 "/home/demo/Android/Sdk/ndk/27.0.12077973/toolchains/llvm/prebuilt/linux-x86_64/bin/clang++" -cc1 -triple aarch64-none-linux-android24 -emit-obj -mrelax-all -disable-free -clear-ast-before-backend -disable-llvm-verifier -discard-value-names -main-file-name CMakeCXXCompilerABI.cpp -mrelocation-model pic -pic-level 2 -pic-is-pie -mframe-pointer=non-leaf -ffp-contract=on -fno-rounding-math -mconstructor-aliases -funwind-tables=2 -target-cpu generic -target-feature +neon -target-feature +v8a -target-feature +fix-cortex-a53-835769 -target-abi aapcs -debug-info-kind=constructor -dwarf-version=4 -debugger-tuning=gdb -fdebug-compilation-dir=/home/demo/code/Danielzapirtan/baeagn/app/.cxx/Debug/t43265i1/arm64-v8a/CMakeFiles/CMakeTmp -v -ffunction-sections -fdata-sections -fcoverage-compilation-dir=/home/demo/code/Danielzapirtan/baeagn/app/.cxx/Debug/t43265i1/arm64-v8a/CMakeFiles/CMakeTmp -resource-dir /home/demo/Android/Sdk/ndk/27.0.12077973/toolchains/llvm/prebuilt/linux-x86_64/lib/clang/18 -dependency-file CMakeFiles/cmTC_1c728.dir/CMakeCXXCompilerABI.cpp.o.d -MT CMakeFiles/cmTC_1c728.dir/CMakeCXXCompilerABI.cpp.o -sys-header-deps -D ANDROID -D _FORTIFY_SOURCE=2 -isysroot /home/demo/Android/Sdk/ndk/27.0.12077973/toolchains/llvm/prebuilt/linux-x86_64/sysroot -internal-isystem /home/demo/Android/Sdk/ndk/27.0.12077973/toolchains/llvm/prebuilt/linux-x86_64/sysroot/usr/include/c++/v1 -internal-isystem /home/demo/Android/Sdk/ndk/27.0.12077973/toolchains/llvm/prebuilt/linux-x86_64/lib/clang/18/include -internal-isystem /home/demo/Android/Sdk/ndk/27.0.12077973/toolchains/llvm/prebuilt/linux-x86_64/sysroot/usr/local/include -internal-externc-isystem /home/demo/Android/Sdk/ndk/27.0.12077973/toolchains/llvm/prebuilt/linux-x86_64/sysroot/usr/include/aarch64-linux-android -internal-externc-isystem /home/demo/Android/Sdk/ndk/27.0.12077973/toolchains/llvm/prebuilt/linux-x86_64/sysroot/include -internal-externc-isystem /home/demo/Android/Sdk/ndk/27.0.12077973/toolchains/llvm/prebuilt/linux-x86_64/sysroot/usr/include -Wformat -std=c11 -fdeprecated-macro -ferror-limit 19 -femulated-tls -stack-protector 2 -fno-signed-char -fgnuc-version=4.2.1 -fcxx-exceptions -fexceptions -target-feature +outline-atomics -D__GCC_HAVE_DWARF2_CFI_ASM=1 -o CMakeFiles/cmTC_1c728.dir/CMakeCXXCompilerABI.cpp.o -x c++ /home/demo/Android/Sdk/cmake/3.22.1/share/cmake-3.22/Modules/CMakeCXXCompilerABI.cpp
error: invalid argument '-std=c11' not allowed with 'C++'
ninja: build stopped: subcommand failed.




Determining if the CXX compiler works failed with the following output:
Change Dir: /home/demo/code/Danielzapirtan/baeagn/app/.cxx/Debug/t43265i1/arm64-v8a/CMakeFiles/CMakeTmp

Run Build Command(s):/home/demo/Android/Sdk/cmake/3.22.1/bin/ninja cmTC_89e68 && [1/2] Building CXX object CMakeFiles/cmTC_89e68.dir/testCXXCompiler.cxx.o
FAILED: CMakeFiles/cmTC_89e68.dir/testCXXCompiler.cxx.o 
/home/demo/Android/Sdk/ndk/27.0.12077973/toolchains/llvm/prebuilt/linux-x86_64/bin/clang++ --target=aarch64-none-linux-android24 --sysroot=/home/demo/Android/Sdk/ndk/27.0.12077973/toolchains/llvm/prebuilt/linux-x86_64/sysroot   -g -DANDROID -fdata-sections -ffunction-sections -funwind-tables -fstack-protector-strong -no-canonical-prefixes -D_FORTIFY_SOURCE=2 -Wformat -Werror=format-security  -std=c11  -fPIE -MD -MT CMakeFiles/cmTC_89e68.dir/testCXXCompiler.cxx.o -MF CMakeFiles/cmTC_89e68.dir/testCXXCompiler.cxx.o.d -o CMakeFiles/cmTC_89e68.dir/testCXXCompiler.cxx.o -c /home/demo/code/Danielzapirtan/baeagn/app/.cxx/Debug/t43265i1/arm64-v8a/CMakeFiles/CMakeTmp/testCXXCompiler.cxx
error: invalid argument '-std=c11' not allowed with 'C++'
ninja: build stopped: subcommand failed.



